C:/Users/HananHunain/Downloads/Bitbucket/DE_4/Repo/DragonEyeU5_4S/Core/Src/main.c:108:6:DSI_IO_WriteCmd	24	static
C:/Users/HananHunain/Downloads/Bitbucket/DE_4/Repo/DragonEyeU5_4S/Core/Src/main.c:117:6:LCD_ST7701S_Init	304	static
C:/Users/HananHunain/Downloads/Bitbucket/DE_4/Repo/DragonEyeU5_4S/Core/Src/main.c:282:5:main	8	static
C:/Users/HananHunain/Downloads/Bitbucket/DE_4/Repo/DragonEyeU5_4S/Core/Src/main.c:363:6:SystemClock_Config	128	static
C:/Users/HananHunain/Downloads/Bitbucket/DE_4/Repo/DragonEyeU5_4S/Core/Src/main.c:418:6:PeriphCommonClock_Config	232	static
C:/Users/HananHunain/Downloads/Bitbucket/DE_4/Repo/DragonEyeU5_4S/Core/Src/main.c:446:13:SystemPower_Config	8	static
C:/Users/HananHunain/Downloads/Bitbucket/DE_4/Repo/DragonEyeU5_4S/Core/Src/main.c:470:13:MX_CRC_Init	8	static
C:/Users/HananHunain/Downloads/Bitbucket/DE_4/Repo/DragonEyeU5_4S/Core/Src/main.c:501:13:MX_DCACHE1_Init	8	static
C:/Users/HananHunain/Downloads/Bitbucket/DE_4/Repo/DragonEyeU5_4S/Core/Src/main.c:528:13:MX_DCACHE2_Init	16	static
C:/Users/HananHunain/Downloads/Bitbucket/DE_4/Repo/DragonEyeU5_4S/Core/Src/main.c:557:13:MX_DMA2D_Init	8	static
C:/Users/HananHunain/Downloads/Bitbucket/DE_4/Repo/DragonEyeU5_4S/Core/Src/main.c:588:13:MX_DSIHOST_DSI_Init	424	static
C:/Users/HananHunain/Downloads/Bitbucket/DE_4/Repo/DragonEyeU5_4S/Core/Src/main.c:738:13:MX_GPDMA1_Init	16	static
C:/Users/HananHunain/Downloads/Bitbucket/DE_4/Repo/DragonEyeU5_4S/Core/Src/main.c:768:13:MX_GPU2D_Init	8	static
C:/Users/HananHunain/Downloads/Bitbucket/DE_4/Repo/DragonEyeU5_4S/Core/Src/main.c:794:13:MX_HSPI1_Init	8	static
C:/Users/HananHunain/Downloads/Bitbucket/DE_4/Repo/DragonEyeU5_4S/Core/Src/main.c:835:13:MX_I2C5_Init	8	static
C:/Users/HananHunain/Downloads/Bitbucket/DE_4/Repo/DragonEyeU5_4S/Core/Src/main.c:883:13:MX_ICACHE_Init	8	static
C:/Users/HananHunain/Downloads/Bitbucket/DE_4/Repo/DragonEyeU5_4S/Core/Src/main.c:915:13:MX_JPEG_Init	8	static
C:/Users/HananHunain/Downloads/Bitbucket/DE_4/Repo/DragonEyeU5_4S/Core/Src/main.c:941:13:MX_LTDC_Init	64	static
C:/Users/HananHunain/Downloads/Bitbucket/DE_4/Repo/DragonEyeU5_4S/Core/Src/main.c:1007:13:MX_OCTOSPI1_Init	40	static
C:/Users/HananHunain/Downloads/Bitbucket/DE_4/Repo/DragonEyeU5_4S/Core/Src/main.c:1067:13:MX_TIM2_Init	64	static
C:/Users/HananHunain/Downloads/Bitbucket/DE_4/Repo/DragonEyeU5_4S/Core/Src/main.c:1126:13:MX_TIM3_Init	64	static
C:/Users/HananHunain/Downloads/Bitbucket/DE_4/Repo/DragonEyeU5_4S/Core/Src/main.c:1193:13:MX_USART2_UART_Init	8	static
C:/Users/HananHunain/Downloads/Bitbucket/DE_4/Repo/DragonEyeU5_4S/Core/Src/main.c:1241:13:MX_GPIO_Init	64	static
C:/Users/HananHunain/Downloads/Bitbucket/DE_4/Repo/DragonEyeU5_4S/Core/Src/main.c:1342:6:HAL_TIM_PeriodElapsedCallback	16	static
C:/Users/HananHunain/Downloads/Bitbucket/DE_4/Repo/DragonEyeU5_4S/Core/Src/main.c:1361:6:Error_Handler	4	static,ignoring_inline_asm
